// Jest Snapshot v1, https://goo.gl/fbAQLP

exports[`SearchPopularTokens renders without error 1`] = `
<View
  style={
    Array [
      Object {
        "display": "flex",
        "padding": 8,
      },
    ]
  }
>
  <View
    onLayout={[Function]}
  >
    <View
      style={
        Array [
          Object {
            "alignItems": "stretch",
            "display": "flex",
            "flexDirection": "column",
            "flexGrow": 1,
            "justifyContent": "flex-start",
          },
        ]
      }
    >
      <View
        style={
          Array [
            Object {
              "alignItems": "flex-start",
              "display": "flex",
              "flexDirection": "row",
              "justifyContent": "space-between",
              "minHeight": 56,
              "opacity": 1,
              "paddingVertical": 8,